========================================================================================================================
Test H — run_h.py
========================================================================================================================
  [inv 1_frozen_files] PASS code+data sha256 = ab/ab2 freeze, git clean (14 paths)
  [inv 2_shadow_A1_reproduced] PASS shadow 101/93, A1/A2 82/79
  [inv 11_V2_params_unchanged] PASS P-A/P-S config = freeze + SIDES=long
  [inv 3_F2_regenerated_matches_ab2_V2] PASS 200회 x 2 사이징 대조, 불일치 0
  [inv 3_F2_regenerated_matches_ab2_V3] PASS 200회 x 2 사이징 대조, 불일치 0
  [inv 4_feature_data_before_decision] PASS max(data_ts - decision_time) ms: V2 {'RET100': -1, 'MA200': -1, 'VOL30': -1, 'RET14': -1, 'STOPPCT': -1, 'DDEPTH': -1}; V3 {'RET100': -1, 'MA200': -1, 'VOL30': -1, 'RET14': -1, 'STOPPCT': -1, 'DDEPTH': -1}
  [inv 5_VOL30_window_past_year] PASS record() 에서 check_vol_window assert (참조창 [d-365, d-1])

[h0] 회귀점수 감사: PASS_WITH_CAVEATS

[h1] 조건 6개 계산 + DEV x P-S 3분위 경계 동결
  동결 해시 f8699fbc588ec1e4 (재동결 0회; h1 실행 누적 횟수는 ab3_freeze.json)
  V2 경계: RET100 [0.0016, 0.5613] n=66 | MA200 [-0.0405, 0.5967] n=66 | VOL30 [54.4233, 75.7137] n=66 | RET14 [0.0190, 0.1753] n=66 | STOPPCT [0.0132, 0.0163] n=66 | DDEPTH [0.2502, 0.4697] n=66
  V3 경계: RET100 [-0.0556, 0.4725] n=58 | MA200 [-0.0926, 0.3583] n=58 | VOL30 [53.4247, 75.6216] n=58 | RET14 [0.0205, 0.1216] n=58 | STOPPCT [0.0130, 0.0154] n=58 | DDEPTH [0.2735, 0.4430] n=58
  [inv 6_freeze_hash_h2] PASS h1_cutpoints.json f8699fbc588ec1e4
  [inv 7_TEST_uses_DEV_cutpoints_only] PASS tercile() 는 동결 파일의 경계만 사용, TEST 재계산 없음
  V2 생존 조건 0개: []  (약: [])
  V3 생존 조건 0개: []  (약: [])
  [inv 6_freeze_hash_h3] PASS h1_cutpoints.json f8699fbc588ec1e4
  [inv 8_grade_rule] PASS §5.1 진리표 통과, 가중치 없음
  V2 k=0 생존 [] | P-A 등급 분포 {'B': 82}
  V3 k=0 생존 [] | P-A 등급 분포 {'B': 79}

##### V2  k=0 생존 조건 []  (등급: A c>=0, C c<=0)
  [PA] 구간 | 등급 |  n | mean R | mean R(top2 제거) | median R | P(WIN2R) | P(RIDE7) | 손절률 | 연패 | ΣR | 연도별 n
  DEV  | A   |  0 |
  DEV  | B   | 57 |  +0.26 |  -0.10 |  -1.06 |  14.0% |  12.3% |  80.7% | 11 |  +14.7 | {2019: 10, 2020: 15, 2021: 24, 2022: 8}
  DEV  | C   |  0 |
  DEV  | ALL | 57 |  +0.26 |  +0.00 |  -1.06 |  14.0% |  12.3% |  80.7% | 11 |  +14.7 | {2019: 10, 2020: 15, 2021: 24, 2022: 8}
        상위 2건: [('L-2020-01-12 03:59-12', 11.06, 'B'), ('L-2020-04-26 07:59-17', 8.87, 'B')]
  TEST | A   |  0 |
  TEST | B   | 25 |  +2.28 |  +0.10 |  -1.06 |  28.0% |  16.0% |  72.0% |  4 |  +57.1 | {2023: 8, 2024: 8, 2025: 6, 2026: 3}
  TEST | C   |  0 |
  TEST | ALL | 25 |  +2.28 |  +0.00 |  -1.06 |  28.0% |  16.0% |  72.0% |  4 |  +57.1 | {2023: 8, 2024: 8, 2025: 6, 2026: 3}
        상위 2건: [('L-2023-10-20 19:59-65', 36.51, 'B'), ('L-2023-01-12 11:59-58', 18.29, 'B')]
  ALL  | A   |  0 |
  ALL  | B   | 82 |  +0.88 |  +0.21 |  -1.06 |  18.3% |  13.4% |  78.0% | 11 |  +71.8 | {2019: 10, 2020: 15, 2021: 24, 2022: 8, 2023: 8, 2024: 8, 2025: 6, 2026: 3}
  ALL  | C   |  0 |
  ALL  | ALL | 82 |  +0.88 |  +0.00 |  -1.06 |  18.3% |  13.4% |  78.0% | 11 |  +71.8 | {2019: 10, 2020: 15, 2021: 24, 2022: 8, 2023: 8, 2024: 8, 2025: 6, 2026: 3}
        상위 2건: [('L-2023-10-20 19:59-65', 36.51, 'B'), ('L-2023-01-12 11:59-58', 18.29, 'B')]
  [PS] 구간 | 등급 |  n | mean R | mean R(top2 제거) | median R | P(WIN2R) | P(RIDE7) | 손절률 | 연패 | ΣR | 연도별 n
  DEV  | A   |  0 |
  DEV  | B   | 66 |  +0.30 |  -0.01 |  -1.06 |  16.7% |  13.6% |  81.8% | 11 |  +19.5 | {2019: 10, 2020: 21, 2021: 27, 2022: 8}
  DEV  | C   |  0 |
  DEV  | ALL | 66 |  +0.30 |  +0.00 |  -1.06 |  16.7% |  13.6% |  81.8% | 11 |  +19.5 | {2019: 10, 2020: 21, 2021: 27, 2022: 8}
        상위 2건: [('0.236-12', 11.06, 'B'), ('0.236-20', 8.87, 'B')]
  TEST | A   |  0 |
  TEST | B   | 35 |  +1.60 |  +0.04 |  -1.07 |  22.9% |  14.3% |  77.1% |  7 |  +56.0 | {2023: 13, 2024: 13, 2025: 6, 2026: 3}
  TEST | C   |  0 |
  TEST | ALL | 35 |  +1.60 |  +0.00 |  -1.07 |  22.9% |  14.3% |  77.1% |  7 |  +56.0 | {2023: 13, 2024: 13, 2025: 6, 2026: 3}
        상위 2건: [('0.236-77', 36.51, 'B'), ('0.236-67', 18.29, 'B')]
  ALL  | A   |  0 |
  ALL  | B   | 101 |  +0.75 |  +0.21 |  -1.07 |  18.8% |  13.9% |  80.2% | 11 |  +75.5 | {2019: 10, 2020: 21, 2021: 27, 2022: 8, 2023: 13, 2024: 13, 2025: 6, 2026: 3}
  ALL  | C   |  0 |
  ALL  | ALL | 101 |  +0.75 |  +0.00 |  -1.07 |  18.8% |  13.9% |  80.2% | 11 |  +75.5 | {2019: 10, 2020: 21, 2021: 27, 2022: 8, 2023: 13, 2024: 13, 2025: 6, 2026: 3}
        상위 2건: [('0.236-77', 36.51, 'B'), ('0.236-67', 18.29, 'B')]
  §5.3 2023년 상위 2건: [('L-2023-10-20 19:59-65', 36.51, 'B', 'c=0'), ('L-2023-01-12 11:59-58', 18.29, 'B', 'c=0')]
  A급에서 2023 상위 2건 제외: n=0 mean R - median - P(WIN2R) - P(RIDE7) -
  §5.3 2022년 8건 등급 분포: {'B': 8}  (R: [-1.09, -1.08, -0.72, -1.21, -1.1, -1.08, -1.08, -1.06])

##### V3  k=0 생존 조건 []  (등급: A c>=0, C c<=0)
  [PA] 구간 | 등급 |  n | mean R | mean R(top2 제거) | median R | P(WIN2R) | P(RIDE7) | 손절률 | 연패 | ΣR | 연도별 n
  DEV  | A   |  0 |
  DEV  | B   | 52 |  -0.00 |  -0.21 |  -1.07 |  11.5% |   7.7% |  86.5% |  5 |   -0.2 | {2020: 16, 2021: 26, 2022: 10}
  DEV  | C   |  0 |
  DEV  | ALL | 52 |  -0.00 |  +0.00 |  -1.07 |  11.5% |   7.7% |  86.5% |  5 |   -0.2 | {2020: 16, 2021: 26, 2022: 10}
        상위 2건: [('L-2020-04-26 03:59-7', 5.32, 'B'), ('L-2020-12-28 07:59-16', 5.06, 'B')]
  TEST | A   |  0 |
  TEST | B   | 27 |  +1.33 |  +0.28 |  -0.42 |  22.2% |  11.1% |  77.8% |  4 |  +35.8 | {2023: 10, 2024: 8, 2025: 6, 2026: 3}
  TEST | C   |  0 |
  TEST | ALL | 27 |  +1.33 |  +0.00 |  -0.42 |  22.2% |  11.1% |  77.8% |  4 |  +35.8 | {2023: 10, 2024: 8, 2025: 6, 2026: 3}
        상위 2건: [('L-2023-10-20 19:59-62', 18.75, 'B'), ('L-2023-01-12 11:59-53', 10.14, 'B')]
  ALL  | A   |  0 |
  ALL  | B   | 79 |  +0.45 |  +0.09 |  -1.07 |  15.2% |   8.9% |  83.5% |  5 |  +35.6 | {2020: 16, 2021: 26, 2022: 10, 2023: 10, 2024: 8, 2025: 6, 2026: 3}
  ALL  | C   |  0 |
  ALL  | ALL | 79 |  +0.45 |  +0.00 |  -1.07 |  15.2% |   8.9% |  83.5% |  5 |  +35.6 | {2020: 16, 2021: 26, 2022: 10, 2023: 10, 2024: 8, 2025: 6, 2026: 3}
        상위 2건: [('L-2023-10-20 19:59-62', 18.75, 'B'), ('L-2023-01-12 11:59-53', 10.14, 'B')]
  [PS] 구간 | 등급 |  n | mean R | mean R(top2 제거) | median R | P(WIN2R) | P(RIDE7) | 손절률 | 연패 | ΣR | 연도별 n
  DEV  | A   |  0 |
  DEV  | B   | 58 |  +0.05 |  -0.13 |  -1.07 |  12.1% |   8.6% |  86.2% |  5 |   +3.0 | {2020: 21, 2021: 27, 2022: 10}
  DEV  | C   |  0 |
  DEV  | ALL | 58 |  +0.05 |  +0.00 |  -1.07 |  12.1% |   8.6% |  86.2% |  5 |   +3.0 | {2020: 21, 2021: 27, 2022: 10}
        상위 2건: [('0.236-10', 5.32, 'B'), ('0.236-20', 5.06, 'B')]
  TEST | A   |  0 |
  TEST | B   | 35 |  +0.83 |  +0.00 |  -1.07 |  17.1% |   8.6% |  82.9% |  7 |  +29.0 | {2023: 13, 2024: 13, 2025: 6, 2026: 3}
  TEST | C   |  0 |
  TEST | ALL | 35 |  +0.83 |  +0.00 |  -1.07 |  17.1% |   8.6% |  82.9% |  7 |  +29.0 | {2023: 13, 2024: 13, 2025: 6, 2026: 3}
        상위 2건: [('0.236-69', 18.75, 'B'), ('0.236-59', 10.14, 'B')]
  ALL  | A   |  0 |
  ALL  | B   | 93 |  +0.34 |  +0.03 |  -1.07 |  14.0% |   8.6% |  84.9% |  7 |  +32.1 | {2020: 21, 2021: 27, 2022: 10, 2023: 13, 2024: 13, 2025: 6, 2026: 3}
  ALL  | C   |  0 |
  ALL  | ALL | 93 |  +0.34 |  +0.00 |  -1.07 |  14.0% |   8.6% |  84.9% |  7 |  +32.1 | {2020: 21, 2021: 27, 2022: 10, 2023: 13, 2024: 13, 2025: 6, 2026: 3}
        상위 2건: [('0.236-69', 18.75, 'B'), ('0.236-59', 10.14, 'B')]
  §5.3 2023년 상위 2건: [('L-2023-10-20 19:59-62', 18.75, 'B', 'c=0'), ('L-2023-01-12 11:59-53', 10.14, 'B', 'c=0')]
  A급에서 2023 상위 2건 제외: n=0 mean R - median - P(WIN2R) - P(RIDE7) -
  §5.3 2022년 10건 등급 분포: {'B': 10}  (R: [-1.1, -1.08, -1.08, 1.01, -1.09, 1.02, -1.1, -1.08, -1.08, 2.29])
  [inv 6_freeze_hash_h4] PASS h1_cutpoints.json f8699fbc588ec1e4
  [inv 9_ladder_order_R_unchanged] PASS A1 순서·R_REAL 동일
  [inv 6_freeze_hash_h5] PASS h1_cutpoints.json f8699fbc588ec1e4

[h5] 64조합 롱 전용 WF (교정 엔진, EXIT=spec)
  [inv 10_grid_assert_invariants] PASS 64조합 전부 E.assert_invariants 통과
  [inv 6_freeze_hash_h6] PASS h1_cutpoints.json f8699fbc588ec1e4

[§9] 불변식: 1_frozen_files: PASS code+data sha256 = ab/ab2 freeze, git clean (14 paths) | 2_shadow_A1_reproduced: PASS shadow 101/93, A1/A2 82/79 | 11_V2_params_unchanged: PASS P-A/P-S config = freeze + SIDES=long | 3_F2_regenerated_matches_ab2_V2: PASS 200회 x 2 사이징 대조, 불일치 0 | 3_F2_regenerated_matches_ab2_V3: PASS 200회 x 2 사이징 대조, 불일치 0 | 4_feature_data_before_decision: PASS max(data_ts - decision_time) ms: V2 {'RET100': -1, 'MA200': -1, 'VOL30': -1, 'RET14': -1, 'STOPPCT': -1, 'DDEPTH': -1}; V3 {'RET100': -1, 'MA200': -1, 'VOL30': -1, 'RET14': -1, 'STOPPCT': -1, 'DDEPTH': -1} | 5_VOL30_window_past_year: PASS record() 에서 check_vol_window assert (참조창 [d-365, d-1]) | 6_freeze_hash_h2: PASS h1_cutpoints.json f8699fbc588ec1e4 | 7_TEST_uses_DEV_cutpoints_only: PASS tercile() 는 동결 파일의 경계만 사용, TEST 재계산 없음 | 6_freeze_hash_h3: PASS h1_cutpoints.json f8699fbc588ec1e4 | 8_grade_rule: PASS §5.1 진리표 통과, 가중치 없음 | 6_freeze_hash_h4: PASS h1_cutpoints.json f8699fbc588ec1e4 | 9_ladder_order_R_unchanged: PASS A1 순서·R_REAL 동일 | 6_freeze_hash_h5: PASS h1_cutpoints.json f8699fbc588ec1e4 | 10_grid_assert_invariants: PASS 64조합 전부 E.assert_invariants 통과 | 6_freeze_hash_h6: PASS h1_cutpoints.json f8699fbc588ec1e4